Copyright 1986-2022 Xilinx, Inc. All Rights Reserved. Copyright 2022-2025 Advanced Micro Devices, Inc. All Rights Reserved.
---------------------------------------------------------------------------------------------------------------------------------------------
| Tool Version : Vivado v.2025.2 (win64) Build 6299465 Fri Nov 14 19:35:11 GMT 2025
| Date         : Wed May 13 20:59:10 2026
| Host         : MSI-FilmKub running 64-bit major release  (build 9200)
| Command      : report_control_sets -verbose -file top_ov7670_vga_control_sets_placed.rpt
| Design       : top_ov7670_vga
| Device       : xc7a35t
---------------------------------------------------------------------------------------------------------------------------------------------

Control Set Information

Table of Contents
-----------------
1. Summary
2. Histogram
3. Flip-Flop Distribution
4. Detailed Control Set Information

1. Summary
----------

+----------------------------------------------------------+-------+
|                          Status                          | Count |
+----------------------------------------------------------+-------+
| Total control sets                                       |    26 |
|    Minimum number of control sets                        |    26 |
|    Addition due to synthesis replication                 |     0 |
|    Addition due to physical synthesis replication        |     0 |
| Unused register locations in slices containing registers |   101 |
+----------------------------------------------------------+-------+
* Control sets can be merged at opt_design using control_set_merge or merge_equivalent_drivers
** Run report_qor_suggestions for automated merging and remapping suggestions


2. Histogram
------------

+--------------------+-------+
|       Fanout       | Count |
+--------------------+-------+
| Total control sets |    26 |
| >= 0 to < 4        |     5 |
| >= 4 to < 6        |     2 |
| >= 6 to < 8        |     2 |
| >= 8 to < 10       |     3 |
| >= 10 to < 12      |     6 |
| >= 12 to < 14      |     2 |
| >= 14 to < 16      |     0 |
| >= 16              |     6 |
+--------------------+-------+
* Control sets can be remapped at either synth_design or opt_design


3. Flip-Flop Distribution
-------------------------

+--------------+-----------------------+------------------------+-----------------+--------------+
| Clock Enable | Synchronous Set/Reset | Asynchronous Set/Reset | Total Registers | Total Slices |
+--------------+-----------------------+------------------------+-----------------+--------------+
| No           | No                    | No                     |              23 |           16 |
| No           | No                    | Yes                    |               0 |            0 |
| No           | Yes                   | No                     |              78 |           34 |
| Yes          | No                    | No                     |               0 |            0 |
| Yes          | No                    | Yes                    |               0 |            0 |
| Yes          | Yes                   | No                     |             174 |           64 |
+--------------+-----------------------+------------------------+-----------------+--------------+


4. Detailed Control Set Information
-----------------------------------

+----------------------+------------------------------------+---------------------------------+------------------+----------------+--------------+
|     Clock Signal     |            Enable Signal           |         Set/Reset Signal        | Slice Load Count | Bel Load Count | Bels / Slice |
+----------------------+------------------------------------+---------------------------------+------------------+----------------+--------------+
|  u_clock_gen/clk25   | capture_frame_toggle_seen1         | u_clock_gen/rst                 |                1 |              1 |         1.00 |
|  CLK100MHZ_IBUF_BUFG | u_sccb_init/ack_error0_out         | u_clock_gen/rst                 |                1 |              1 |         1.00 |
|  CLK100MHZ_IBUF_BUFG | u_sccb_init/sioc2_out              | u_clock_gen/rst                 |                1 |              1 |         1.00 |
|  CLK100MHZ_IBUF_BUFG | u_sccb_init/done_i_1_n_0           | u_clock_gen/rst                 |                1 |              2 |         2.00 |
|  led_OBUF_BUFG[4]    |                                    | u_clock_gen/rst                 |                2 |              2 |         1.00 |
|  CLK100MHZ_IBUF_BUFG |                                    |                                 |                3 |              4 |         1.33 |
|  CLK100MHZ_IBUF_BUFG | u_sccb_init/state[3]_i_1_n_0       | u_clock_gen/rst                 |                2 |              4 |         2.00 |
|  u_clock_gen/clk25   |                                    | u_clock_gen/rst                 |                6 |              7 |         1.17 |
|  CLK100MHZ_IBUF_BUFG | u_sccb_init/lut_idx[0]             | u_clock_gen/rst                 |                3 |              7 |         2.33 |
|  led_OBUF_BUFG[4]    |                                    |                                 |                5 |              8 |         1.60 |
|  led_OBUF_BUFG[4]    | u_capture/pixel_hi[7]_i_1_n_0      | u_clock_gen/rst                 |                4 |              8 |         2.00 |
|  led_OBUF_BUFG[4]    | u_capture/y_count[0]               | u_clock_gen/base_row_addr[0]    |                4 |              9 |         2.25 |
|  u_clock_gen/clk25   |                                    | u_clock_gen/u_mmcm_1[0]         |                6 |             10 |         1.67 |
|  u_clock_gen/clk25   | u_vga_timing/E[0]                  | u_clock_gen/rst                 |                6 |             10 |         1.67 |
|  CLK100MHZ_IBUF_BUFG | u_sccb_init/tx_byte_0[0]           | u_clock_gen/rst                 |                3 |             10 |         3.33 |
|  led_OBUF_BUFG[4]    | u_capture/x_count[0]               | u_capture/x_count[9]_i_1_n_0    |                3 |             10 |         3.33 |
|  u_clock_gen/clk25   |                                    |                                 |                8 |             11 |         1.38 |
|  led_OBUF_BUFG[4]    | u_capture/base_row_addr[6]_i_1_n_0 | u_clock_gen/base_row_addr[0]    |                3 |             11 |         3.67 |
|  u_clock_gen/clk25   |                                    | u_clock_gen/SR[0]               |                5 |             12 |         2.40 |
|  led_OBUF_BUFG[4]    | u_capture/full_row_addr[0]         | u_clock_gen/base_row_addr[0]    |                3 |             12 |         4.00 |
|  CLK100MHZ_IBUF_BUFG |                                    | u_clock_gen/u_mmcm_0            |                4 |             16 |         4.00 |
|  CLK100MHZ_IBUF_BUFG | u_sccb_init/reg_data[7]_i_1_n_0    | u_clock_gen/rst                 |                4 |             16 |         4.00 |
|  led_OBUF_BUFG[4]    | u_capture/full_wr_addr[18]_i_1_n_0 | u_clock_gen/rst                 |                4 |             19 |         4.75 |
|  CLK100MHZ_IBUF_BUFG | u_sccb_init/wait_ticks[23]_i_1_n_0 | u_clock_gen/rst                 |                8 |             24 |         3.00 |
|  led_OBUF_BUFG[4]    | u_capture/base_wr_addr[16]_i_1_n_0 | u_clock_gen/rst                 |               13 |             29 |         2.23 |
|  u_clock_gen/clk25   |                                    | u_vga_timing/base_fb_rd_addr[0] |               11 |             31 |         2.82 |
+----------------------+------------------------------------+---------------------------------+------------------+----------------+--------------+


